// Jest Snapshot v1, https://goo.gl/fbAQLP

exports[`<Home /> renders a heading 1`] = `
<div>
  <div>
    <h1>
      Home
    </h1>
    <h2>
      max value === 3
    </h2>
    <span
      class="css-1x6n2as-Home-Home"
    >
      0
    </span>
    <button
      class="text-[36px] bolder-[1px]"
      type="button"
    >
      +
    </button>
    <button
      class="text-[36px]"
      type="button"
    >
      -
    </button>
  </div>
</div>
`;
